../Core/Src/main.c:80:13:player_ctor	24	static
../Core/Src/main.c:90:13:obstacle_ctor	24	static
../Core/Src/main.c:106:5:main	24	static
../Core/Src/main.c:173:6:SystemClock_Config	88	static
../Core/Src/main.c:220:13:MX_LTDC_Init	64	static
../Core/Src/main.c:281:13:MX_SPI5_Init	8	static
../Core/Src/main.c:325:13:MX_GPIO_Init	56	static
../Core/Src/main.c:377:5:get_player_position	64	static
../Core/Src/main.c:417:6:tick	16	static
../Core/Src/main.c:468:6:check_collision	40	static
../Core/Src/main.c:496:6:Error_Handler	4	static,ignoring_inline_asm
