c_src/lcd_tsc_I3G4250D_drivers/Core/Src\background.c:16:6:bsp_lcd_set_background	16	static
c_src/lcd_tsc_I3G4250D_drivers/Core/Src\background.c:35:6:display_bush	16	static
c_src/lcd_tsc_I3G4250D_drivers/Core/Src\background.c:55:6:flappy_game_set_back_ground	8	static
c_src/lcd_tsc_I3G4250D_drivers/Core/Src\background.c:65:6:fill_countdown_trace	16	static
c_src/lcd_tsc_I3G4250D_drivers/Core/Src\background.c:74:6:set_gameover_background	16	static
c_src/lcd_tsc_I3G4250D_drivers/Core/Src\background.c:82:6:display_game_title	16	static
c_src/lcd_tsc_I3G4250D_drivers/Core/Src\background.c:90:6:display_game_over	16	static
